TAP version 13
# Subtest: live codec uses independently calculated Node HMAC and rejects offline domain
ok 1 - live codec uses independently calculated Node HMAC and rejects offline domain
  ---
  duration_ms: 263.117755
  type: 'test'
  ...
# Subtest: handshake, counters, roles and nested provider injection are enforced
ok 2 - handshake, counters, roles and nested provider injection are enforced
  ---
  duration_ms: 94.945724
  type: 'test'
  ...
# Subtest: only the bound top-frame document may invalidate its capture
ok 3 - only the bound top-frame document may invalidate its capture
  ---
  duration_ms: 0.52348
  type: 'test'
  ...
# Subtest: complete stable book maps only observed labels; ambiguous content fails closed
ok 4 - complete stable book maps only observed labels; ambiguous content fails closed
  ---
  duration_ms: 2.664374
  type: 'test'
  ...
# Subtest: discovery reads unadmitted fields without an accepted profile and always stops
ok 5 - discovery reads unadmitted fields without an accepted profile and always stops
  ---
  duration_ms: 3.807718
  type: 'test'
  ...
# Subtest: discovery rejects a connection already closed before receiver registration
ok 6 - discovery rejects a connection already closed before receiver registration
  ---
  duration_ms: 16.341875
  type: 'test'
  ...
# Subtest: unknown clocks, absent horizons and unsafe links remain unavailable
ok 7 - unknown clocks, absent horizons and unsafe links remain unavailable
  ---
  duration_ms: 0.332647
  type: 'test'
  ...
# Subtest: local tickets are closed and observation identities match backend UUIDv5
ok 8 - local tickets are closed and observation identities match backend UUIDv5
  ---
  duration_ms: 3.064863
  type: 'test'
  ...
# Subtest: live spool rejects wrong source and scope before touching native IndexedDB
ok 9 - live spool rejects wrong source and scope before touching native IndexedDB
  ---
  duration_ms: 3.186955
  type: 'test'
  ...
# Subtest: command-bearing public messages cannot reach privileged sinks
ok 10 - command-bearing public messages cannot reach privileged sinks
  ---
  duration_ms: 6065.677561
  type: 'test'
  ...
# Subtest: nested commands reject before live hashing, logging or IndexedDB access
ok 11 - nested commands reject before live hashing, logging or IndexedDB access
  ---
  duration_ms: 4.85661
  type: 'test'
  ...
# Subtest: production compilation excludes review and harness inputs
ok 12 - production compilation excludes review and harness inputs
  ---
  duration_ms: 10679.063356
  type: 'test'
  ...
1..12
# tests 12
# suites 0
# pass 12
# fail 0
# cancelled 0
# skipped 0
# todo 0
# duration_ms 11123.802169
